[www.crimestats.com.au/index.html]
[backblue.gif]
[fade.gif]
[index.html]
[www.crimestats.com.au/themes/custom/dga/favicon.ico]
[www.crimestats.com.au/sites/default/files/css/css_oYbfP7KPe7Gb1BjA4vc1idhKuCY08Rx6yskR8MiJJps72cc.css]
[www.crimestats.com.au/sites/default/files/css/css_TA7AB7hKjhiwEAPRRI7-lC28nYL2951TtHIuSuvc4uAf35c.css]
[www.crimestats.com.au/data/user/login.html]
[www.crimestats.com.au/themes/custom/dga/logo.svg]
[www.crimestats.com.au/data/dataset.html]
[www.crimestats.com.au/data/organization.html]
[www.crimestats.com.au/sites/default/files/styles/card_image/public/2025-06/recent-updated0079.jpg]
[www.crimestats.com.au/about.html]
[www.crimestats.com.au/recent-developments.html]
[www.crimestats.com.au/sites/default/files/styles/card_image/public/2025-06/user-guide8d25.jpg]
[www.crimestats.com.au/user-guide.html]
[www.crimestats.com.au/sites/default/files/styles/card_image/public/2025-06/need_support-updatedf292.jpg]
[www.crimestats.com.au/privacy-policy.html]
[www.crimestats.com.au/accessibility.html]
[www.crimestats.com.au/sites/default/files/js/js_ElFOMOviV832dpC64AkqoKV5ZoRE1n1LFSPRzPR3-_kd522.js]
[www.crimestats.com.au/sites/default/files/js/js_dpm_hAnuk3FDGa-3vVmJbwE_7qSa-cQae2TKlBAOE5s466d.js]
[www.crimestats.com.au/index.html]
[www.crimestats.com.au/sites/default/files/css/css_oYbfP7KPe7Gb1BjA4vc1idhKuCY08Rx6yskR8MiJJps72cc.css]
[www.crimestats.com.au/sites/default/files/css/css_TA7AB7hKjhiwEAPRRI7-lC28nYL2951TtHIuSuvc4uAf35c.css]
[www.crimestats.com.au/data/user/login.html]
[www.crimestats.com.au/themes/custom/dga/logo.svg]
[www.crimestats.com.au/data/dataset.html]
[www.crimestats.com.au/data/organization.html]
[www.crimestats.com.au/about.html]
[www.crimestats.com.au/recent-developments.html]
[www.crimestats.com.au/user-guide.html]
[www.crimestats.com.au/privacy-policy.html]
[www.crimestats.com.au/accessibility.html]
[www.crimestats.com.au/core/assets/vendor/jquery/jquery.min022b.js]
[www.crimestats.com.au/sites/default/files/js/js_MNvZsuetW-Sy_AbczvgC03z3EuTBantqOV9naZqBe6k8db2.js]
