[www.data.gov.au/index.html]
[backblue.gif]
[fade.gif]
[index.html]
[www.data.gov.au/themes/custom/dga/favicon.ico]
[www.data.gov.au/sites/default/files/css/css_oYbfP7KPe7Gb1BjA4vc1idhKuCY08Rx6yskR8MiJJps72cc.css]
[cdn.jsdelivr.net/npm/bootstrap-icons/font/bootstrap-icons.min.css]
[www.data.gov.au/sites/default/files/css/css_TA7AB7hKjhiwEAPRRI7-lC28nYL2951TtHIuSuvc4uAf35c.css]
[use.fontawesome.com/releases/v6.4.0/js/v4-shims.js]
[use.fontawesome.com/releases/v6.4.0/js/all.js]
[www.googletagmanager.com/nsb900.html]
[www.data.gov.au/data/user/login.html]
[www.data.gov.au/themes/custom/dga/logo.svg]
[www.data.gov.au/data/dataset.html]
[www.data.gov.au/data/organization.html]
[www.data.gov.au/about.html]
[www.data.gov.au/sites/default/files/styles/card_image/public/2025-06/recent-updated0079.jpg]
[solr.apache.org/guide/6_6/common-query-parameters.html]
[www.data.gov.au/sites/default/files/styles/card_image/public/2025-06/user-guide8d25.jpg]
[www.data.gov.au/recent-developments.html]
[www.data.gov.au/sites/default/files/styles/card_image/public/2025-06/need_support-updatedf292.jpg]
[www.data.gov.au/user-guide.html]
[www.data.gov.au/privacy-policy.html]
[docs.ckan.org/en/2.11/api/index.html]
[www.data.gov.au/accessibility.html]
[www.data.gov.au/sites/default/files/js/js_ElFOMOviV832dpC64AkqoKV5ZoRE1n1LFSPRzPR3-_kd522.js]
[www.data.gov.au/sites/default/files/js/js_dpm_hAnuk3FDGa-3vVmJbwE_7qSa-cQae2TKlBAOE5s466d.js]
[www.data.gov.au/core/assets/vendor/jquery/jquery.min022b.js]
[cdn.jsdelivr.net/npm/bootstrap@5.3.8/dist/js/bootstrap.bundle.min.js]
[data.gov.au/data/dataset/2b491307-2db1-4d1b-a9f9-ba021c3fe2e0/resource/9fa99c8c-7b43-48ed-a2e1-b5a7d6bf8c51/download/banner.js]
[www.data.gov.au/sites/default/files/js/js_MNvZsuetW-Sy_AbczvgC03z3EuTBantqOV9naZqBe6k8db2.js]
[www.data.gov.au/index.html]
[www.googletagmanager.com/gtm5445.html]
[static.zdassets.com/ekr/snippet61ae.js]
[www.data.gov.au/sites/default/files/css/css_oYbfP7KPe7Gb1BjA4vc1idhKuCY08Rx6yskR8MiJJps72cc.css]
[cdn.jsdelivr.net/npm/bootstrap-icons/font/fonts/bootstrap-icons04d5.woff2]
[cdn.jsdelivr.net/npm/bootstrap-icons/font/fonts/bootstrap-icons04d5.woff]
[cdn.jsdelivr.net/npm/bootstrap-icons/font/bootstrap-icons.min.css]
[www.data.gov.au/themes/custom/contrib/bootstrap_barrio/images/required.svg]
[www.data.gov.au/sites/default/files/css/css_TA7AB7hKjhiwEAPRRI7-lC28nYL2951TtHIuSuvc4uAf35c.css]
[www.googletagmanager.com/nsb900.html]
[www.data.gov.au/data/user/data.gov.au]
[www.data.gov.au/data/images/banner-bg.jpeg]
[www.data.gov.au/data/images/favicon.ico]
[www.data.gov.au/data/webassets/ckanext-admin_panel/a403236d-admin_panel.css]
[www.data.gov.au/data/webassets/ckanext-admin_panel/ba35cbb9-admin_panel-vendor-css.css]
[www.data.gov.au/data/webassets/ckanext-search_autocomplete/6189a052-search_autocomplete.css]
[www.data.gov.au/data/webassets/base/51d427fe_main.css]
[www.data.gov.au/data/webassets/ckanext-activity/8dd77216_activity.css]
[www.data.gov.au/data/webassets/ckanext-datagovau/1bd9d55d-dga.css]
[www.data.gov.au/data/user/reset.html]
[cdn.ravenjs.com/3.26.2/raven.min.js]
[www.data.gov.au/data/webassets/vendor/f3b8236b_select2.css]
[www.data.gov.au/data/webassets/ckanext-spatial/d81ebd31_spatial_query.css]
[www.data.gov.au/data/webassets/vendor/53df638c_fontawesome.css]
[www.data.gov.au/data/webassets/vendor/240e5086_jquery.js]
[www.data.gov.au/data/webassets/vendor/6d1ad7e6_bootstrap.js]
[www.data.gov.au/data/webassets/vendor/529a0eb7_htmx.js]
[www.data.gov.au/data/webassets/security/mfa-login7fd2.js]
[www.data.gov.au/data/webassets/base/a65ea3a0_main.js]
[www.data.gov.au/data/webassets/base/b1def42f_ckan.js]
[www.data.gov.au/data/webassets/ckanext-admin_panel/403074bf-admin_panel.js]
[www.data.gov.au/data/webassets/ckanext-search_autocomplete/3aae4f75-search_autocomplete.js]
[www.data.gov.au/data/webassets/ckanext-admin_panel/ffdc7fd1-admin_panel-vendor-js.js]
[www.data.gov.au/data/webassets/ckanext-harvest_basket/3f3d818f-harvest_basket.js]
[www.data.gov.au/data/webassets/vendor/773d6354_vendor.js]
[www.data.gov.au/data/webassets/ckanext-googleanalytics/event_tracking7118.js]
[www.data.gov.au/data/webassets/activity/0fdb5ee0_activity.js]
[www.data.gov.au/data/webassets/ckanext-charts/ff150a9a-charts-htmx.js]
[www.data.gov.au/data/webassets/ckanext-datagovau/265a19be-dga.js]
[www.data.gov.au/data/webassets/ckanext-datagovau/b417201e-dga-spatial.js]
[www.data.gov.au/data/user/login.html]
[www.data.gov.au/themes/custom/dga/logo.svg]
[www.data.gov.au/data/webassets/ckanext-spatial/d9e299a2_spatial_query.js]
[www.data.gov.au/data/dataset/native-title-determination-applications-register.html]
[www.data.gov.au/data/dataset/indexbbae.html]
[www.data.gov.au/data/dataset/indexf52b.html]
[www.data.gov.au/data/organization/nationalnativetitletribunal.html]
[www.data.gov.au/data/dataset/index.html]
[www.data.gov.au/data/dataset/index8df2.html]
[www.data.gov.au/data/dataset/index1139.html]
[www.data.gov.au/data/dataset/kingston-city-council-active-planning-applications.html]
[www.data.gov.au/data/dataset/index6f0e.html]
[www.data.gov.au/data/dataset/index5a60.html]
[www.data.gov.au/data/dataset/index2ef4.html]
[www.data.gov.au/data/organization/kingston-city-council.html]
[www.data.gov.au/data/dataset/index17a2.html]
[www.data.gov.au/data/dataset/indexd9fa.html]
[www.data.gov.au/data/dataset/index9a90.html]
[www.data.gov.au/data/dataset/taxation-statistics-2022-23.html]
[www.data.gov.au/data/dataset/index2a2b.html]
[www.data.gov.au/data/dataset/index3391.html]
[www.data.gov.au/data/dataset/index2e0f.html]
[www.data.gov.au/data/organization/australiantaxationoffice.html]
[www.data.gov.au/data/dataset/index8150.html]
[www.data.gov.au/data/dataset/index673a.html]
[www.data.gov.au/data/dataset/indexd2fb.html]
[www.data.gov.au/data/dataset/asic-credit-licensee.html]
[www.data.gov.au/data/dataset/index7544.html]
[www.data.gov.au/data/dataset/index30ff.html]
[www.data.gov.au/data/dataset/indexceb0.html]
[www.data.gov.au/data/organization/australian-securities-and-investments-commission-asic.html]
[www.data.gov.au/data/dataset/indexc4cc.html]
[www.data.gov.au/data/dataset/index73e8.html]
[www.data.gov.au/data/dataset/indexf0a5.html]
[www.data.gov.au/data/dataset/asic-afs-licensee.html]
[www.data.gov.au/data/dataset/indexf0a4.html]
[www.data.gov.au/data/dataset/index2159.html]
[www.data.gov.au/data/dataset/indexce6e.html]
[www.data.gov.au/data/dataset/services-australia-service-delivery-quarterly-operational-data.html]
[www.data.gov.au/data/dataset/indexaf16.html]
[www.data.gov.au/data/dataset/index02e8.html]
[www.data.gov.au/data/dataset/index415e.html]
[www.data.gov.au/data/organization/servicesaustralia.html]
[www.data.gov.au/data/dataset/index963d.html]
[www.data.gov.au/data/dataset/index1e92.html]
[www.data.gov.au/data/dataset/indexc48c.html]
[www.data.gov.au/data/dataset/asic-credit-representative.html]
[www.data.gov.au/data/dataset/indexe665.html]
[www.data.gov.au/data/dataset/index0a58.html]
[www.data.gov.au/data/dataset/index6f5c.html]
[www.data.gov.au/data/dataset/overseas-arrivals-and-departures.html]
[www.data.gov.au/data/dataset/index5863.html]
[www.data.gov.au/data/dataset/index6326.html]
[www.data.gov.au/data/dataset/indexc2c3.html]
[www.data.gov.au/data/organization/immi.html]
[www.data.gov.au/data/dataset/indexd908.html]
[www.data.gov.au/data/dataset/index6eed.html]
[www.data.gov.au/data/dataset/indexb393.html]
[www.data.gov.au/data/dataset/temporary-entrants-visa-holders.html]
[www.data.gov.au/data/dataset/index828c.html]
[www.data.gov.au/data/dataset/index2831.html]
[www.data.gov.au/data/dataset/index1dc9.html]
[www.data.gov.au/data/dataset/temporary-graduate-visas.html]
[www.data.gov.au/data/dataset/indexdc05.html]
[www.data.gov.au/data/dataset/index2c0a.html]
[www.data.gov.au/data/dataset/index02ae.html]
[www.data.gov.au/data/dataset/student-visas.html]
[www.data.gov.au/data/dataset/index909f.html]
[www.data.gov.au/data/dataset/index74b1.html]
[www.data.gov.au/data/dataset/index2d56.html]
[www.data.gov.au/data/dataset/registered-native-title-body-corporate-rntbc-areas.html]
[www.data.gov.au/data/dataset/ratsib-boundaries.html]
[www.data.gov.au/data/dataset/index794d.html]
[www.data.gov.au/data/dataset/native-title-determination-applications-schedule.html]
[www.data.gov.au/data/dataset/indigenous-land-use-agreements-registered-or-in-notification.html]
[www.data.gov.au/data/dataset/native-title-determination-outcomes.html]
[www.data.gov.au/data/dataset/native-title-determinations-national-native-title-register.html]
[www.data.gov.au/data/dataset/ngsc-capital-works-2526-points.html]
[www.data.gov.au/data/organization/northern-grampians-shire-council.html]
[www.data.gov.au/data/dataset/ngsc-capital-works-2526-polygons.html]
[www.data.gov.au/data/dataset/asic-afs-authorised-representative.html]
[www.data.gov.au/data/webassets/ckanext-composite_search/961ec2e2-composite_search.css]
[www.data.gov.au/data/dataset/indexfdb0.html]
[www.data.gov.au/data/dataset/index2679.html]
[www.data.gov.au/data/dataset/index4658.html]
[www.data.gov.au/data/dataset/index9ba9.html]
[www.data.gov.au/data/webassets/search_tweaks/c8f4a70a_search_tweaks_advanced_search.js]
[www.data.gov.au/data/dataset.html]
[www.data.gov.au/data/webassets/ckanext-composite_search/5ea6470b-composite_search.js]
[www.data.gov.au/data/dataset/index45b8.html]
[www.data.gov.au/data/organization/3d-ecology-mapping-datansw.html]
[www.data.gov.au/data/base/images/placeholder-organization.png]
[www.data.gov.au/data/organization/index.html]
[www.data.gov.au/data/organization/aboriginal-affairs-coordinating-committee-western-australia-government.html]
[www.data.gov.au/data/organization/australianbureauofstatistics-geography.html]
[www.data.gov.au/data/organization/abs-sa-data-south-australia-government.html]
[www.data.gov.au/data/organization/act-government.html]
[www.data.gov.au/data/organization/act-government-geospatial-data-catalogue.html]
[www.data.gov.au/data/organization/data-act.html]
[www.data.gov.au/data/organization/adelaide-festival-centre-trust-south-australia-government.html]
[www.data.gov.au/data/organization/adelaide-festival-corporation-south-australia-government.html]
[www.data.gov.au/data/organization/adelaide-film-festival-south-australia-government.html]
[www.data.gov.au/data/organization/agriculture-victoria-victoria-government.html]
[www.data.gov.au/data/organization/aims.html]
[www.data.gov.au/data/organization/airborne-research-australia-ara.html]
[www.data.gov.au/data/organization/albury-city-council-datansw.html]
[www.data.gov.au/data/organization/alinytjara-wilurara-landscape-board-south-australia-government.html]
[www.data.gov.au/data/organization/alpine-resorts-victoria-victoria-government.html]
[www.data.gov.au/data/organization/alpine-shire-council.html]
[www.data.gov.au/data/organization/ambient-australian-urban-research-infrastructure-network.html]
[www.data.gov.au/data/organization/ambulance-victoria-victoria-government.html]
[www.data.gov.au/data/organization.html]
[www.data.gov.au/data/organization/antarctic-climate-and-ecosystems-cooperative-research-centre.html]
[www.data.gov.au/data/organization/index25c1.html]
[www.data.gov.au/data/organization/index26fc.html]
[www.data.gov.au/data/organization/indexf5e8.html]
[www.data.gov.au/node/5.html]
[www.data.gov.au/sites/default/files/css/css_9B97KOXSDc32zhIbjSJO-ugnmp1w5i02BtxCiuJ7eq877ac.css]
[www.data.gov.au/data/organization/indexda03.html]
[www.data.gov.au/data/organization/index571d.html]
[www.data.gov.au/sites/default/files/css/css_TA7AB7hKjhiwEAPRRI7-lC28nYL2951TtHIuSuvc4uA2336.css]
[www.data.gov.au/user-guide/getting-started/creating-account.html]
[www.data.gov.au/sites/default/files/js/js_ElFOMOviV832dpC64AkqoKV5ZoRE1n1LFSPRzPR3-_kc86a.js]
[www.data.gov.au/sites/default/files/js/js_dpm_hAnuk3FDGa-3vVmJbwE_7qSa-cQae2TKlBAOE5s2b12.js]
[www.data.gov.au/sites/default/files/js/js_EFqqmWJT86nXL0EKPxfixoh1noVKzH_YHln77KyRFdA40e6.js]
[www.data.gov.au/about.html]
[solr.apache.org/guide/solr/latest/query-guide/common-query-parameters.html]
[solr.apache.org/guide/6_6/css/font-awesome.min.css]
[solr.apache.org/guide/6_6/css/lavish-bootstrap.css]
[solr.apache.org/guide/6_6/css/customstyles.css]
[solr.apache.org/guide/6_6/css/theme-solr.css]
[solr.apache.org/guide/6_6/css/ref-guide.css]
[solr.apache.org/guide/6_6/css/comments.css]
[solr.apache.org/guide/6_6/js/jquery-2.1.4.min.js]
[solr.apache.org/guide/6_6/js/jquery.cookie-1.4.1.min.js]
[solr.apache.org/guide/6_6/js/jquery.navgoco.min.js]
[solr.apache.org/guide/6_6/js/bootstrap-3.3.4.min.js]
[solr.apache.org/guide/6_6/js/anchor-2.0.0.min.js]
[solr.apache.org/guide/6_6/js/toc.js]
[solr.apache.org/guide/6_6/js/customscripts.js]
[solr.apache.org/guide/6_6/images/icons/favicon.ico]
[solr.apache.org/guide/6_6/index.html]
[solr.apache.org/docs/6_6_0/solr-core/index.html]
[solr.apache.org/community.html]
[solr.apache.org/guide/6_6/js/jekyll-search.js]
[solr.apache.org/guide/6_6/about-this-guide.html]
[solr.apache.org/guide/6_6/getting-started.html]
[solr.apache.org/guide/6_6/installing-solr.html]
[solr.apache.org/guide/6_6/running-solr.html]
[solr.apache.org/guide/6_6/a-quick-overview.html]
[solr.apache.org/guide/6_6/a-step-closer.html]
[solr.apache.org/guide/6_6/solr-control-script-reference.html]
[solr.apache.org/guide/6_6/upgrading-solr.html]
[solr.apache.org/guide/6_6/using-the-solr-administration-user-interface.html]
[solr.apache.org/guide/6_6/overview-of-the-solr-admin-ui.html]
[solr.apache.org/guide/6_6/getting-assistance.html]
[solr.apache.org/guide/6_6/logging.html]
[solr.apache.org/guide/6_6/cloud-screens.html]
[solr.apache.org/guide/6_6/collections-core-admin.html]
[solr.apache.org/guide/6_6/java-properties.html]
[solr.apache.org/guide/6_6/thread-dump.html]
[solr.apache.org/guide/6_6/collection-specific-tools.html]
[solr.apache.org/guide/6_6/analysis-screen.html]
[solr.apache.org/guide/6_6/dataimport-screen.html]
[solr.apache.org/guide/6_6/documents-screen.html]
[solr.apache.org/guide/6_6/files-screen.html]
[solr.apache.org/guide/6_6/query-screen.html]
[solr.apache.org/guide/6_6/stream-screen.html]
[solr.apache.org/guide/6_6/schema-browser-screen.html]
[solr.apache.org/guide/6_6/core-specific-tools.html]
[solr.apache.org/guide/6_6/ping.html]
[solr.apache.org/guide/6_6/plugins-stats-screen.html]
[solr.apache.org/guide/6_6/replication-screen.html]
[solr.apache.org/guide/6_6/segments-info.html]
[solr.apache.org/guide/6_6/documents-fields-and-schema-design.html]
[solr.apache.org/guide/6_6/overview-of-documents-fields-and-schema-design.html]
[solr.apache.org/guide/6_6/solr-field-types.html]
[solr.apache.org/guide/6_6/field-type-definitions-and-properties.html]
[solr.apache.org/guide/6_6/field-types-included-with-solr.html]
[solr.apache.org/guide/6_6/working-with-currencies-and-exchange-rates.html]
[solr.apache.org/guide/6_6/working-with-dates.html]
[solr.apache.org/guide/6_6/working-with-enum-fields.html]
[solr.apache.org/guide/6_6/working-with-external-files-and-processes.html]
[solr.apache.org/guide/6_6/field-properties-by-use-case.html]
[solr.apache.org/guide/6_6/defining-fields.html]
[solr.apache.org/guide/6_6/copying-fields.html]
[solr.apache.org/guide/6_6/dynamic-fields.html]
[solr.apache.org/guide/6_6/other-schema-elements.html]
[solr.apache.org/guide/6_6/schema-api.html]
[solr.apache.org/guide/6_6/putting-the-pieces-together.html]
[solr.apache.org/guide/6_6/docvalues.html]
[solr.apache.org/guide/6_6/schemaless-mode.html]
[solr.apache.org/guide/6_6/understanding-analyzers-tokenizers-and-filters.html]
[solr.apache.org/guide/6_6/analyzers.html]
[solr.apache.org/guide/6_6/about-tokenizers.html]
[solr.apache.org/guide/6_6/about-filters.html]
[solr.apache.org/guide/6_6/tokenizers.html]
[solr.apache.org/guide/6_6/filter-descriptions.html]
[solr.apache.org/guide/6_6/charfilterfactories.html]
[solr.apache.org/guide/6_6/language-analysis.html]
[solr.apache.org/guide/6_6/phonetic-matching.html]
[solr.apache.org/guide/6_6/running-your-analyzer.html]
[solr.apache.org/guide/6_6/indexing-and-basic-data-operations.html]
[solr.apache.org/guide/6_6/introduction-to-solr-indexing.html]
[solr.apache.org/guide/6_6/post-tool.html]
[solr.apache.org/guide/6_6/uploading-data-with-index-handlers.html]
[solr.apache.org/guide/6_6/transforming-and-indexing-custom-json.html]
[solr.apache.org/guide/6_6/uploading-data-with-solr-cell-using-apache-tika.html]
[solr.apache.org/guide/6_6/uploading-structured-data-store-data-with-the-data-import-handler.html]
[solr.apache.org/guide/6_6/updating-parts-of-documents.html]
[solr.apache.org/guide/6_6/detecting-languages-during-indexing.html]
[solr.apache.org/guide/6_6/de-duplication.html]
[solr.apache.org/guide/6_6/content-streams.html]
[solr.apache.org/guide/6_6/uima-integration.html]
[solr.apache.org/guide/6_6/searching.html]
[solr.apache.org/guide/6_6/overview-of-searching-in-solr.html]
[solr.apache.org/guide/6_6/velocity-search-ui.html]
[solr.apache.org/guide/6_6/relevance.html]
[solr.apache.org/guide/6_6/query-syntax-and-parsing.html]
[solr.apache.org/guide/6_6/the-standard-query-parser.html]
[solr.apache.org/guide/6_6/the-dismax-query-parser.html]
[solr.apache.org/guide/6_6/the-extended-dismax-query-parser.html]
[solr.apache.org/guide/6_6/function-queries.html]
[solr.apache.org/guide/6_6/local-parameters-in-queries.html]
[solr.apache.org/guide/6_6/other-parsers.html]
[solr.apache.org/guide/6_6/faceting.html]
[solr.apache.org/guide/6_6/blockjoin-faceting.html]
[solr.apache.org/guide/6_6/highlighting.html]
[solr.apache.org/guide/6_6/spell-checking.html]
[solr.apache.org/guide/6_6/query-re-ranking.html]
[solr.apache.org/guide/6_6/learning-to-rank.html]
[solr.apache.org/guide/6_6/transforming-result-documents.html]
[solr.apache.org/guide/6_6/suggester.html]
[solr.apache.org/guide/6_6/morelikethis.html]
[solr.apache.org/guide/6_6/pagination-of-results.html]
[solr.apache.org/guide/6_6/collapse-and-expand-results.html]
[solr.apache.org/guide/6_6/result-grouping.html]
[solr.apache.org/guide/6_6/result-clustering.html]
[solr.apache.org/guide/6_6/spatial-search.html]
[solr.apache.org/guide/6_6/the-terms-component.html]
[solr.apache.org/guide/6_6/the-term-vector-component.html]
[solr.apache.org/guide/6_6/the-stats-component.html]
[solr.apache.org/guide/6_6/the-query-elevation-component.html]
[solr.apache.org/guide/6_6/response-writers.html]
[solr.apache.org/guide/6_6/velocity-response-writer.html]
[solr.apache.org/guide/6_6/near-real-time-searching.html]
[solr.apache.org/guide/6_6/realtime-get.html]
[solr.apache.org/guide/6_6/exporting-result-sets.html]
[solr.apache.org/guide/6_6/streaming-expressions.html]
[solr.apache.org/guide/6_6/stream-sources.html]
[solr.apache.org/guide/6_6/stream-decorators.html]
[solr.apache.org/guide/6_6/stream-evaluators.html]
[solr.apache.org/guide/6_6/graph-traversal.html]
[solr.apache.org/guide/6_6/parallel-sql-interface.html]
[solr.apache.org/guide/6_6/solr-jdbc-dbvisualizer.html]
[solr.apache.org/guide/6_6/solr-jdbc-squirrel-sql.html]
[solr.apache.org/guide/6_6/solr-jdbc-apache-zeppelin.html]
[solr.apache.org/guide/6_6/solr-jdbc-python-jython.html]
[solr.apache.org/guide/6_6/solr-jdbc-r.html]
[solr.apache.org/guide/6_6/the-well-configured-solr-instance.html]
[solr.apache.org/guide/6_6/configuring-solrconfig-xml.html]
[solr.apache.org/guide/6_6/datadir-and-directoryfactory-in-solrconfig.html]
[solr.apache.org/guide/6_6/lib-directives-in-solrconfig.html]
[solr.apache.org/guide/6_6/schema-factory-definition-in-solrconfig.html]
[solr.apache.org/guide/6_6/indexconfig-in-solrconfig.html]
[solr.apache.org/guide/6_6/requesthandlers-and-searchcomponents-in-solrconfig.html]
[solr.apache.org/guide/6_6/initparams-in-solrconfig.html]
[solr.apache.org/guide/6_6/updatehandlers-in-solrconfig.html]
[solr.apache.org/guide/6_6/query-settings-in-solrconfig.html]
[solr.apache.org/guide/6_6/requestdispatcher-in-solrconfig.html]
[solr.apache.org/guide/6_6/update-request-processors.html]
[solr.apache.org/guide/6_6/codec-factory.html]
[solr.apache.org/guide/6_6/solr-cores-and-solr-xml.html]
[solr.apache.org/guide/6_6/format-of-solr-xml.html]
[solr.apache.org/guide/6_6/defining-core-properties.html]
[solr.apache.org/guide/6_6/coreadmin-api.html]
[solr.apache.org/guide/6_6/config-sets.html]
[solr.apache.org/guide/6_6/configuration-apis.html]
[solr.apache.org/guide/6_6/blob-store-api.html]
[solr.apache.org/guide/6_6/config-api.html]
[solr.apache.org/guide/6_6/request-parameters-api.html]
[solr.apache.org/guide/6_6/managed-resources.html]
[solr.apache.org/guide/6_6/implicit-requesthandlers.html]
[solr.apache.org/guide/6_6/solr-plugins.html]
[solr.apache.org/guide/6_6/adding-custom-plugins-in-solrcloud-mode.html]
[solr.apache.org/guide/6_6/jvm-settings.html]
[solr.apache.org/guide/6_6/managing-solr.html]
[solr.apache.org/guide/6_6/taking-solr-to-production.html]
[solr.apache.org/guide/6_6/securing-solr.html]
[solr.apache.org/guide/6_6/authentication-and-authorization-plugins.html]
[solr.apache.org/guide/6_6/basic-authentication-plugin.html]
[solr.apache.org/guide/6_6/hadoop-authentication-plugin.html]
[solr.apache.org/guide/6_6/kerberos-authentication-plugin.html]
[solr.apache.org/guide/6_6/rule-based-authorization-plugin.html]
[solr.apache.org/guide/6_6/enabling-ssl.html]
[solr.apache.org/guide/6_6/running-solr-on-hdfs.html]
[solr.apache.org/guide/6_6/making-and-restoring-backups.html]
[solr.apache.org/guide/6_6/configuring-logging.html]
[solr.apache.org/guide/6_6/using-jmx-with-solr.html]
[solr.apache.org/guide/6_6/mbean-request-handler.html]
[solr.apache.org/guide/6_6/performance-statistics-reference.html]
[solr.apache.org/guide/6_6/metrics-reporting.html]
[solr.apache.org/guide/6_6/v2-api.html]
[solr.apache.org/guide/6_6/solrcloud.html]
[solr.apache.org/guide/6_6/getting-started-with-solrcloud.html]
[solr.apache.org/guide/6_6/how-solrcloud-works.html]
[solr.apache.org/guide/6_6/shards-and-indexing-data-in-solrcloud.html]
[solr.apache.org/guide/6_6/distributed-requests.html]
[solr.apache.org/guide/6_6/read-and-write-side-fault-tolerance.html]
[solr.apache.org/guide/6_6/solrcloud-configuration-and-parameters.html]
[solr.apache.org/guide/6_6/setting-up-an-external-zookeeper-ensemble.html]
[solr.apache.org/guide/6_6/using-zookeeper-to-manage-configuration-files.html]
[solr.apache.org/guide/6_6/zookeeper-access-control.html]
[solr.apache.org/guide/6_6/collections-api.html]
[solr.apache.org/guide/6_6/parameter-reference.html]
[solr.apache.org/guide/6_6/command-line-utilities.html]
[solr.apache.org/guide/6_6/solrcloud-with-legacy-configuration-files.html]
[solr.apache.org/guide/6_6/configsets-api.html]
[solr.apache.org/guide/6_6/rule-based-replica-placement.html]
[solr.apache.org/guide/6_6/common-query-parameters.html]
[www.data.gov.au/recent-developments.html]
[www.data.gov.au/user-guide.html]
[www.data.gov.au/privacy-policy.html]
[docs.ckan.org/en/2.11/api/index.html]
[www.data.gov.au/accessibility.html]
[www.data.gov.au/themes/custom/dga/images/add.svg]
[www.data.gov.au/themes/contrib/bootstrap_barrio/images/required.svg]
[www.data.gov.au/themes/custom/contrib/bootstrap_barrio/images/icons/application-octet-stream.html]
[www.data.gov.au/themes/custom/contrib/bootstrap_barrio/images/icons/package-x-generic.html]
[www.data.gov.au/themes/custom/contrib/bootstrap_barrio/images/icons/x-office-spreadsheet.html]
[www.data.gov.au/themes/custom/contrib/bootstrap_barrio/images/icons/x-office-document.html]
[www.data.gov.au/themes/custom/contrib/bootstrap_barrio/images/icons/x-office-presentation.html]
[www.data.gov.au/themes/custom/contrib/bootstrap_barrio/images/icons/text-x-script.html]
[www.data.gov.au/themes/custom/contrib/bootstrap_barrio/images/icons/text-html.html]
[www.data.gov.au/themes/custom/contrib/bootstrap_barrio/images/icons/text-plain.html]
[www.data.gov.au/themes/custom/contrib/bootstrap_barrio/images/icons/application-pdf.html]
[www.data.gov.au/themes/custom/contrib/bootstrap_barrio/images/icons/application-x-executable.html]
[www.data.gov.au/themes/custom/contrib/bootstrap_barrio/images/icons/audio-x-generic.html]
[www.data.gov.au/themes/custom/contrib/bootstrap_barrio/images/icons/video-x-generic.html]
[www.data.gov.au/themes/custom/contrib/bootstrap_barrio/images/icons/text-x-generic.html]
[www.data.gov.au/themes/custom/contrib/bootstrap_barrio/images/icons/image-x-generic.html]
[www.data.gov.au/themes/custom/contrib/bootstrap_barrio/images/required.html]
[www.data.gov.au/themes/contrib/bootstrap/images/help.html]
[www.data.gov.au/contrib/bootstrap_barrio/images/help.html]
[www.data.gov.au/core/misc/icons/000000/chevron-left.svg]
[www.data.gov.au/core/misc/icons/000000/chevron-right.svg]
[www.data.gov.au/core/misc/icons/ffffff/twistie-down.svg]
[www.data.gov.au/core/misc/icons/ffffff/twistie-up.svg]
[www.data.gov.au/themes/custom/dga/images/mobile-menu.svg]
[www.data.gov.au/themes/custom/dga/images/mobile-menu-close.svg]
[www.data.gov.au/themes/custom/dga/images/check-blue.svg]
[www.data.gov.au/themes/custom/dga/images/info-filled.svg]
[www.data.gov.au/themes/custom/dga/images/acc-arrow.svg]
[www.data.gov.au/data/user/data.gov.html]
[www.data.gov.au/data/webassets/ckanext-admin_panel/a403236d-admin_panel.css]
[www.data.gov.au/data/webassets/ckanext-admin_panel/ba35cbb9-admin_panel-vendor-css.css]
[www.data.gov.au/data/webassets/base/51d427fe_main.css]
[www.data.gov.au/data/webassets/ckanext-search_autocomplete/6189a052-search_autocomplete.css]
[www.data.gov.au/data/webassets/ckanext-harvest/c95a0af2_harvest_css.css]
[www.data.gov.au/data/webassets/ckanext-harvest_basket/bfc6e1ec-harvest_basket.css]
[www.data.gov.au/data/webassets/ckanext-activity/8dd77216_activity.css]
[www.data.gov.au/data/webassets/ckanext-scheming/728ec589_scheming_css.css]
[www.data.gov.au/data/webassets/ckanext-datagovau/1bd9d55d-dga.css]
[www.data.gov.au/data/user/reset.html]
[www.data.gov.au/data/webassets/vendor/f3b8236b_select2.css]
[www.data.gov.au/data/webassets/vendor/53df638c_fontawesome.css]
[www.data.gov.au/data/webassets/ckanext-spatial/d81ebd31_spatial_query.css]
[www.data.gov.au/data/dataset/index.html]
[www.data.gov.au/data/dataset/indexf52b.html]
[www.data.gov.au/data/dataset/indexbbae.html]
[www.data.gov.au/data/dataset/index8df2.html]
[www.data.gov.au/data/dataset/index1139.html]
[www.data.gov.au/data/dataset/index6f0e.html]
[www.data.gov.au/data/dataset/index2ef4.html]
[www.data.gov.au/data/dataset/index5a60.html]
[www.data.gov.au/data/dataset/index9a90.html]
[www.data.gov.au/data/dataset/index17a2.html]
[www.data.gov.au/data/dataset/indexd9fa.html]
[www.data.gov.au/data/dataset/index2a2b.html]
[www.data.gov.au/data/dataset/index2e0f.html]
[www.data.gov.au/data/dataset/index3391.html]
[www.data.gov.au/data/dataset/index8150.html]
[www.data.gov.au/data/dataset/indexd2fb.html]
[www.data.gov.au/data/dataset/index673a.html]
[www.data.gov.au/data/dataset/index7544.html]
[www.data.gov.au/data/dataset/index30ff.html]
[www.data.gov.au/data/dataset/indexceb0.html]
[www.data.gov.au/data/dataset/indexc4cc.html]
[www.data.gov.au/data/dataset/index73e8.html]
[www.data.gov.au/data/dataset/indexf0a5.html]
[www.data.gov.au/data/dataset/index2159.html]
[www.data.gov.au/data/dataset/indexce6e.html]
[www.data.gov.au/data/dataset/indexf0a4.html]
[www.data.gov.au/data/dataset/index02e8.html]
[www.data.gov.au/data/dataset/index415e.html]
[www.data.gov.au/data/dataset/indexaf16.html]
[www.data.gov.au/data/dataset/index963d.html]
[www.data.gov.au/data/dataset/index1e92.html]
[www.data.gov.au/data/dataset/indexc48c.html]
[www.data.gov.au/data/dataset/index0a58.html]
[www.data.gov.au/data/dataset/indexe665.html]
[www.data.gov.au/data/dataset/index6f5c.html]
[www.data.gov.au/data/dataset/index5863.html]
[www.data.gov.au/data/dataset/indexc2c3.html]
[www.data.gov.au/data/dataset/index6326.html]
[www.data.gov.au/data/dataset/index6eed.html]
[www.data.gov.au/data/dataset/indexb393.html]
[www.data.gov.au/data/dataset/indexd908.html]
[www.data.gov.au/data/dataset/index2831.html]
[www.data.gov.au/data/dataset/index1dc9.html]
[www.data.gov.au/data/dataset/index828c.html]
[www.data.gov.au/data/dataset/index02ae.html]
[www.data.gov.au/data/dataset/index2c0a.html]
[www.data.gov.au/data/dataset/indexdc05.html]
[www.data.gov.au/data/dataset/index2d56.html]
[www.data.gov.au/data/dataset/index74b1.html]
[www.data.gov.au/data/dataset/index909f.html]
[www.data.gov.au/data/dataset/index794d.html]
[www.data.gov.au/data/dataset/native-title-determination-applications-register.html]
[www.data.gov.au/data/organization/nationalnativetitletribunal.html]
[www.data.gov.au/data/dataset/kingston-city-council-active-planning-applications.html]
[www.data.gov.au/data/organization/kingston-city-council.html]
[www.data.gov.au/data/dataset/taxation-statistics-2022-23.html]
[www.data.gov.au/data/organization/australiantaxationoffice.html]
[www.data.gov.au/data/dataset/asic-credit-licensee.html]
[www.data.gov.au/data/organization/australian-securities-and-investments-commission-asic.html]
[www.data.gov.au/data/dataset/asic-afs-licensee.html]
[www.data.gov.au/data/dataset/services-australia-service-delivery-quarterly-operational-data.html]
[www.data.gov.au/data/organization/servicesaustralia.html]
[www.data.gov.au/data/dataset/asic-credit-representative.html]
[www.data.gov.au/data/dataset/overseas-arrivals-and-departures.html]
[www.data.gov.au/data/organization/immi.html]
[www.data.gov.au/data/dataset/temporary-entrants-visa-holders.html]
[www.data.gov.au/data/dataset/temporary-graduate-visas.html]
[www.data.gov.au/data/dataset/student-visas.html]
[www.data.gov.au/data/dataset/registered-native-title-body-corporate-rntbc-areas.html]
[www.data.gov.au/data/dataset/ratsib-boundaries.html]
[www.data.gov.au/data/dataset/native-title-determination-applications-schedule.html]
[www.data.gov.au/data/dataset/indigenous-land-use-agreements-registered-or-in-notification.html]
[www.data.gov.au/data/dataset/native-title-determination-outcomes.html]
[www.data.gov.au/data/dataset/native-title-determinations-national-native-title-register.html]
[www.data.gov.au/data/dataset/ngsc-capital-works-2526-points.html]
[www.data.gov.au/data/organization/northern-grampians-shire-council.html]
[www.data.gov.au/data/dataset/ngsc-capital-works-2526-polygons.html]
[www.data.gov.au/data/dataset/asic-afs-authorised-representative.html]
[www.data.gov.au/data/dataset/index2679.html]
[www.data.gov.au/data/dataset/index4658.html]
[www.data.gov.au/data/dataset/index9ba9.html]
[www.data.gov.au/data/dataset/indexfdb0.html]
[www.data.gov.au/data/dataset/index45b8.html]
[www.data.gov.au/data/webassets/ckanext-composite_search/961ec2e2-composite_search.css]
[www.data.gov.au/data/webassets/search_tweaks/3dcf4e13_search_tweaks_advanced_search.css]
[www.data.gov.au/data/organization/index.html]
[www.data.gov.au/data/organization/3d-ecology-mapping-datansw.html]
[www.data.gov.au/data/organization/aboriginal-affairs-coordinating-committee-western-australia-government.html]
[www.data.gov.au/data/organization/australianbureauofstatistics-geography.html]
[www.data.gov.au/data/organization/abs-sa-data-south-australia-government.html]
[www.data.gov.au/data/organization/act-government.html]
[www.data.gov.au/data/organization/act-government-geospatial-data-catalogue.html]
[www.data.gov.au/data/organization/data-act.html]
[www.data.gov.au/data/organization/adelaide-festival-centre-trust-south-australia-government.html]
[www.data.gov.au/data/organization/adelaide-festival-corporation-south-australia-government.html]
[www.data.gov.au/data/organization/adelaide-film-festival-south-australia-government.html]
[www.data.gov.au/data/organization/agriculture-victoria-victoria-government.html]
[www.data.gov.au/data/organization/aims.html]
[www.data.gov.au/data/organization/airborne-research-australia-ara.html]
[www.data.gov.au/data/organization/albury-city-council-datansw.html]
[www.data.gov.au/data/organization/alinytjara-wilurara-landscape-board-south-australia-government.html]
[www.data.gov.au/data/organization/alpine-resorts-victoria-victoria-government.html]
[www.data.gov.au/data/organization/alpine-shire-council.html]
[www.data.gov.au/data/organization/ambient-australian-urban-research-infrastructure-network.html]
[www.data.gov.au/data/organization/ambulance-victoria-victoria-government.html]
[www.data.gov.au/data/organization/antarctic-climate-and-ecosystems-cooperative-research-centre.html]
[www.data.gov.au/data/organization/index25c1.html]
[www.data.gov.au/data/organization/index26fc.html]
[www.data.gov.au/data/organization/indexf5e8.html]
[www.data.gov.au/data/organization/index571d.html]
[www.data.gov.au/data/organization/indexda03.html]
[www.data.gov.au/node/5.html]
[www.data.gov.au/sites/default/files/css/css_9B97KOXSDc32zhIbjSJO-ugnmp1w5i02BtxCiuJ7eq877ac.css]
[www.data.gov.au/sites/default/files/css/css_TA7AB7hKjhiwEAPRRI7-lC28nYL2951TtHIuSuvc4uA2336.css]
[www.data.gov.au/user-guide/getting-started/creating-account.html]
[solr.apache.org/guide/solr/latest/query-guide/common-query-parameters.html]
[solr.apache.org/guide/6_6/css/font-awesome.min.css]
[solr.apache.org/guide/6_6/css/lavish-bootstrap.css]
[solr.apache.org/guide/6_6/css/customstyles.css]
[solr.apache.org/guide/6_6/css/theme-solr.css]
[solr.apache.org/guide/6_6/css/ref-guide.css]
[solr.apache.org/guide/6_6/css/comments.css]
[solr.apache.org/guide/6_6/index.html]
[solr.apache.org/docs/6_6_0/solr-core/index.html]
[solr.apache.org/community.html]
[solr.apache.org/guide/6_6/about-this-guide.html]
[solr.apache.org/guide/6_6/getting-started.html]
[solr.apache.org/guide/6_6/installing-solr.html]
[solr.apache.org/guide/6_6/running-solr.html]
[solr.apache.org/guide/6_6/a-quick-overview.html]
[solr.apache.org/guide/6_6/a-step-closer.html]
[solr.apache.org/guide/6_6/solr-control-script-reference.html]
[solr.apache.org/guide/6_6/upgrading-solr.html]
[solr.apache.org/guide/6_6/using-the-solr-administration-user-interface.html]
[solr.apache.org/guide/6_6/overview-of-the-solr-admin-ui.html]
[solr.apache.org/guide/6_6/getting-assistance.html]
[solr.apache.org/guide/6_6/logging.html]
[solr.apache.org/guide/6_6/cloud-screens.html]
[solr.apache.org/guide/6_6/collections-core-admin.html]
[solr.apache.org/guide/6_6/java-properties.html]
[solr.apache.org/guide/6_6/thread-dump.html]
[solr.apache.org/guide/6_6/collection-specific-tools.html]
[solr.apache.org/guide/6_6/analysis-screen.html]
[solr.apache.org/guide/6_6/dataimport-screen.html]
[solr.apache.org/guide/6_6/documents-screen.html]
[solr.apache.org/guide/6_6/files-screen.html]
[solr.apache.org/guide/6_6/query-screen.html]
[solr.apache.org/guide/6_6/stream-screen.html]
[solr.apache.org/guide/6_6/schema-browser-screen.html]
[solr.apache.org/guide/6_6/core-specific-tools.html]
[solr.apache.org/guide/6_6/ping.html]
[solr.apache.org/guide/6_6/plugins-stats-screen.html]
[solr.apache.org/guide/6_6/replication-screen.html]
[solr.apache.org/guide/6_6/segments-info.html]
[solr.apache.org/guide/6_6/documents-fields-and-schema-design.html]
[solr.apache.org/guide/6_6/overview-of-documents-fields-and-schema-design.html]
[solr.apache.org/guide/6_6/solr-field-types.html]
[solr.apache.org/guide/6_6/field-type-definitions-and-properties.html]
[solr.apache.org/guide/6_6/field-types-included-with-solr.html]
[solr.apache.org/guide/6_6/working-with-currencies-and-exchange-rates.html]
[solr.apache.org/guide/6_6/working-with-dates.html]
[solr.apache.org/guide/6_6/working-with-enum-fields.html]
[solr.apache.org/guide/6_6/working-with-external-files-and-processes.html]
[solr.apache.org/guide/6_6/field-properties-by-use-case.html]
[solr.apache.org/guide/6_6/defining-fields.html]
[solr.apache.org/guide/6_6/copying-fields.html]
[solr.apache.org/guide/6_6/dynamic-fields.html]
[solr.apache.org/guide/6_6/other-schema-elements.html]
[solr.apache.org/guide/6_6/schema-api.html]
[solr.apache.org/guide/6_6/putting-the-pieces-together.html]
[solr.apache.org/guide/6_6/docvalues.html]
[solr.apache.org/guide/6_6/schemaless-mode.html]
[solr.apache.org/guide/6_6/understanding-analyzers-tokenizers-and-filters.html]
[solr.apache.org/guide/6_6/analyzers.html]
[solr.apache.org/guide/6_6/about-tokenizers.html]
[solr.apache.org/guide/6_6/about-filters.html]
[solr.apache.org/guide/6_6/tokenizers.html]
[solr.apache.org/guide/6_6/filter-descriptions.html]
[solr.apache.org/guide/6_6/charfilterfactories.html]
[solr.apache.org/guide/6_6/language-analysis.html]
[solr.apache.org/guide/6_6/phonetic-matching.html]
[solr.apache.org/guide/6_6/running-your-analyzer.html]
[solr.apache.org/guide/6_6/indexing-and-basic-data-operations.html]
[solr.apache.org/guide/6_6/introduction-to-solr-indexing.html]
[solr.apache.org/guide/6_6/post-tool.html]
[solr.apache.org/guide/6_6/uploading-data-with-index-handlers.html]
[solr.apache.org/guide/6_6/transforming-and-indexing-custom-json.html]
[solr.apache.org/guide/6_6/uploading-data-with-solr-cell-using-apache-tika.html]
[solr.apache.org/guide/6_6/uploading-structured-data-store-data-with-the-data-import-handler.html]
[solr.apache.org/guide/6_6/updating-parts-of-documents.html]
[solr.apache.org/guide/6_6/detecting-languages-during-indexing.html]
[solr.apache.org/guide/6_6/de-duplication.html]
[solr.apache.org/guide/6_6/content-streams.html]
[solr.apache.org/guide/6_6/uima-integration.html]
[solr.apache.org/guide/6_6/searching.html]
[solr.apache.org/guide/6_6/overview-of-searching-in-solr.html]
[solr.apache.org/guide/6_6/velocity-search-ui.html]
[solr.apache.org/guide/6_6/relevance.html]
[solr.apache.org/guide/6_6/query-syntax-and-parsing.html]
[solr.apache.org/guide/6_6/the-standard-query-parser.html]
[solr.apache.org/guide/6_6/the-dismax-query-parser.html]
[solr.apache.org/guide/6_6/the-extended-dismax-query-parser.html]
[solr.apache.org/guide/6_6/function-queries.html]
[solr.apache.org/guide/6_6/local-parameters-in-queries.html]
[solr.apache.org/guide/6_6/other-parsers.html]
[solr.apache.org/guide/6_6/faceting.html]
[solr.apache.org/guide/6_6/blockjoin-faceting.html]
[solr.apache.org/guide/6_6/highlighting.html]
[solr.apache.org/guide/6_6/spell-checking.html]
[solr.apache.org/guide/6_6/query-re-ranking.html]
[solr.apache.org/guide/6_6/learning-to-rank.html]
[solr.apache.org/guide/6_6/transforming-result-documents.html]
[solr.apache.org/guide/6_6/suggester.html]
[solr.apache.org/guide/6_6/morelikethis.html]
[solr.apache.org/guide/6_6/pagination-of-results.html]
[solr.apache.org/guide/6_6/collapse-and-expand-results.html]
[solr.apache.org/guide/6_6/result-grouping.html]
[solr.apache.org/guide/6_6/result-clustering.html]
[solr.apache.org/guide/6_6/spatial-search.html]
[solr.apache.org/guide/6_6/the-terms-component.html]
[solr.apache.org/guide/6_6/the-term-vector-component.html]
[solr.apache.org/guide/6_6/the-stats-component.html]
[solr.apache.org/guide/6_6/the-query-elevation-component.html]
[solr.apache.org/guide/6_6/response-writers.html]
[solr.apache.org/guide/6_6/velocity-response-writer.html]
[solr.apache.org/guide/6_6/near-real-time-searching.html]
[solr.apache.org/guide/6_6/realtime-get.html]
[solr.apache.org/guide/6_6/exporting-result-sets.html]
[solr.apache.org/guide/6_6/streaming-expressions.html]
[solr.apache.org/guide/6_6/stream-sources.html]
[solr.apache.org/guide/6_6/stream-decorators.html]
[solr.apache.org/guide/6_6/stream-evaluators.html]
[solr.apache.org/guide/6_6/graph-traversal.html]
[solr.apache.org/guide/6_6/parallel-sql-interface.html]
[solr.apache.org/guide/6_6/solr-jdbc-dbvisualizer.html]
[solr.apache.org/guide/6_6/solr-jdbc-squirrel-sql.html]
[solr.apache.org/guide/6_6/solr-jdbc-apache-zeppelin.html]
[solr.apache.org/guide/6_6/solr-jdbc-python-jython.html]
[solr.apache.org/guide/6_6/solr-jdbc-r.html]
[solr.apache.org/guide/6_6/the-well-configured-solr-instance.html]
[solr.apache.org/guide/6_6/configuring-solrconfig-xml.html]
[solr.apache.org/guide/6_6/datadir-and-directoryfactory-in-solrconfig.html]
[solr.apache.org/guide/6_6/lib-directives-in-solrconfig.html]
[solr.apache.org/guide/6_6/schema-factory-definition-in-solrconfig.html]
[solr.apache.org/guide/6_6/indexconfig-in-solrconfig.html]
[solr.apache.org/guide/6_6/requesthandlers-and-searchcomponents-in-solrconfig.html]
[solr.apache.org/guide/6_6/initparams-in-solrconfig.html]
[solr.apache.org/guide/6_6/updatehandlers-in-solrconfig.html]
[solr.apache.org/guide/6_6/query-settings-in-solrconfig.html]
[solr.apache.org/guide/6_6/requestdispatcher-in-solrconfig.html]
[solr.apache.org/guide/6_6/update-request-processors.html]
[solr.apache.org/guide/6_6/codec-factory.html]
[solr.apache.org/guide/6_6/solr-cores-and-solr-xml.html]
[solr.apache.org/guide/6_6/format-of-solr-xml.html]
[solr.apache.org/guide/6_6/defining-core-properties.html]
[solr.apache.org/guide/6_6/coreadmin-api.html]
[solr.apache.org/guide/6_6/config-sets.html]
[solr.apache.org/guide/6_6/configuration-apis.html]
[solr.apache.org/guide/6_6/blob-store-api.html]
[solr.apache.org/guide/6_6/config-api.html]
[solr.apache.org/guide/6_6/request-parameters-api.html]
[solr.apache.org/guide/6_6/managed-resources.html]
[solr.apache.org/guide/6_6/implicit-requesthandlers.html]
[solr.apache.org/guide/6_6/solr-plugins.html]
[solr.apache.org/guide/6_6/adding-custom-plugins-in-solrcloud-mode.html]
[solr.apache.org/guide/6_6/jvm-settings.html]
[solr.apache.org/guide/6_6/managing-solr.html]
[solr.apache.org/guide/6_6/taking-solr-to-production.html]
[solr.apache.org/guide/6_6/securing-solr.html]
[solr.apache.org/guide/6_6/authentication-and-authorization-plugins.html]
[solr.apache.org/guide/6_6/basic-authentication-plugin.html]
[solr.apache.org/guide/6_6/hadoop-authentication-plugin.html]
[solr.apache.org/guide/6_6/kerberos-authentication-plugin.html]
[solr.apache.org/guide/6_6/rule-based-authorization-plugin.html]
[solr.apache.org/guide/6_6/enabling-ssl.html]
[solr.apache.org/guide/6_6/running-solr-on-hdfs.html]
[solr.apache.org/guide/6_6/making-and-restoring-backups.html]
[solr.apache.org/guide/6_6/configuring-logging.html]
[solr.apache.org/guide/6_6/using-jmx-with-solr.html]
[solr.apache.org/guide/6_6/mbean-request-handler.html]
[solr.apache.org/guide/6_6/performance-statistics-reference.html]
[solr.apache.org/guide/6_6/metrics-reporting.html]
[solr.apache.org/guide/6_6/v2-api.html]
[solr.apache.org/guide/6_6/solrcloud.html]
[solr.apache.org/guide/6_6/getting-started-with-solrcloud.html]
[solr.apache.org/guide/6_6/how-solrcloud-works.html]
[solr.apache.org/guide/6_6/shards-and-indexing-data-in-solrcloud.html]
[solr.apache.org/guide/6_6/distributed-requests.html]
[solr.apache.org/guide/6_6/read-and-write-side-fault-tolerance.html]
[solr.apache.org/guide/6_6/solrcloud-configuration-and-parameters.html]
[solr.apache.org/guide/6_6/setting-up-an-external-zookeeper-ensemble.html]
[solr.apache.org/guide/6_6/using-zookeeper-to-manage-configuration-files.html]
[solr.apache.org/guide/6_6/zookeeper-access-control.html]
[solr.apache.org/guide/6_6/collections-api.html]
[solr.apache.org/guide/6_6/parameter-reference.html]
[solr.apache.org/guide/6_6/command-line-utilities.html]
[solr.apache.org/guide/6_6/solrcloud-with-legacy-configuration-files.html]
[solr.apache.org/guide/6_6/configsets-api.html]
[solr.apache.org/guide/6_6/rule-based-replica-placement.html]
